// Jest Snapshot v1, https://goo.gl/fbAQLP

exports[`Movies component should show movies 1`] = `"<div><h1>List of movies</h1><div><h2>movie 1</h2><h3>Released: </h3><p></p></div><div><h2>movie 2</h2><h3>Released: </h3><p></p></div></div>"`;

exports[`Movies component shows loading screen 1`] = `"<div>Loading.....</div>"`;
